--- Starting real-time file monitoring on /Users/izat/Documents/code/gh-academy/python ---
Change detected in: /Users/izat/Documents/code/gh-academy/python/sample.txt at 20:11:04
diff --git a/python/nohup.out b/python/nohup.out
new file mode 100644
index 0000000..c32a6c9
--- /dev/null
+++ b/python/nohup.out
@@ -0,0 +1,2 @@
+--- Starting real-time file monitoring on /Users/izat/Documents/code/gh-academy/python ---
+Change detected in: /Users/izat/Documents/code/gh-academy/python/sample.txt at 20:11:04
diff --git a/python/sample.txt b/python/sample.txt
new file mode 100644
index 0000000..e69de29
diff --git a/python/script.sh b/python/script.sh
new file mode 100755
index 0000000..a1c2939
--- /dev/null
+++ b/python/script.sh
@@ -0,0 +1,31 @@
+#!/bin/bash
+
+REPO_DIR="/Users/izat/Documents/code/gh-academy/python"
+
+if ! command -v fswatch &> /dev/null; then
+    echo "ERROR: 'fswatch' is not found. Please install via 'brew install fswatch'."
+    exit 1
+fi
+
+echo "--- Starting real-time file monitoring on $REPO_DIR ---"
+
+fswatch -r -l 0.5 "$REPO_DIR" |
+while read FILE_PATH
+do
+    echo "Change detected in: $FILE_PATH at $(date +%H:%M:%S)"
+    
+    cd "$REPO_DIR"
+    
+    git add .
+    
+    if git diff --cached --exit-code; then
+        echo "No new commit needed."
+    else
+        COMMIT_MSG="Auto-update: $(basename "$FILE_PATH")"
+        git commit -m "$COMMIT_MSG"
+        git push origin main
+        echo "Successfully pushed: $COMMIT_MSG"
+    fi
+    
+    sleep 1
+done
[main dd8866b] Auto-update: sample.txt
 3 files changed, 33 insertions(+)
 create mode 100644 python/nohup.out
 create mode 100644 python/sample.txt
 create mode 100755 python/script.sh
To https://github.com/turganaliev/gh-academy.git
   6c44a6b..dd8866b  main -> main
Successfully pushed: Auto-update: sample.txt
Change detected in: /Users/izat/Documents/code/gh-academy/python/sample.txt at 20:11:25
